[0.859s] Invoking command in '/home/arooba/ros2_ws_arooba/src/my_turtle_package': PYTHONPATH=/home/arooba/ros2_ws_arooba/build/my_turtle_package/prefix_override:/usr/lib/python3/dist-packages/colcon_core/task/python/colcon_distutils_commands:/home/arooba/ros2_ws_arooba/install/my_turtle_package/lib/python3.10/site-packages:${PYTHONPATH} /usr/bin/python3 -W ignore:setup.py install is deprecated -W ignore:easy_install command is deprecated setup.py egg_info --egg-base ../../build/my_turtle_package build --build-base /home/arooba/ros2_ws_arooba/build/my_turtle_package/build install --record /home/arooba/ros2_ws_arooba/build/my_turtle_package/install.log --single-version-externally-managed install_data
[1.114s] running egg_info
[1.115s] creating ../../build/my_turtle_package/my_turtle_package.egg-info
[1.115s] writing ../../build/my_turtle_package/my_turtle_package.egg-info/PKG-INFO
[1.115s] writing dependency_links to ../../build/my_turtle_package/my_turtle_package.egg-info/dependency_links.txt
[1.115s] writing entry points to ../../build/my_turtle_package/my_turtle_package.egg-info/entry_points.txt
[1.116s] writing requirements to ../../build/my_turtle_package/my_turtle_package.egg-info/requires.txt
[1.116s] writing top-level names to ../../build/my_turtle_package/my_turtle_package.egg-info/top_level.txt
[1.116s] writing manifest file '../../build/my_turtle_package/my_turtle_package.egg-info/SOURCES.txt'
[1.118s] reading manifest file '../../build/my_turtle_package/my_turtle_package.egg-info/SOURCES.txt'
[1.119s] writing manifest file '../../build/my_turtle_package/my_turtle_package.egg-info/SOURCES.txt'
[1.119s] running build
[1.120s] running build_py
[1.120s] creating /home/arooba/ros2_ws_arooba/build/my_turtle_package/build
[1.120s] creating /home/arooba/ros2_ws_arooba/build/my_turtle_package/build/lib
[1.120s] creating /home/arooba/ros2_ws_arooba/build/my_turtle_package/build/lib/my_turtle_package
[1.120s] copying my_turtle_package/move_turtle.py -> /home/arooba/ros2_ws_arooba/build/my_turtle_package/build/lib/my_turtle_package
[1.121s] copying my_turtle_package/__init__.py -> /home/arooba/ros2_ws_arooba/build/my_turtle_package/build/lib/my_turtle_package
[1.121s] running install
[1.121s] running install_lib
[1.122s] creating /home/arooba/ros2_ws_arooba/install/my_turtle_package/lib/python3.10/site-packages/my_turtle_package
[1.122s] copying /home/arooba/ros2_ws_arooba/build/my_turtle_package/build/lib/my_turtle_package/move_turtle.py -> /home/arooba/ros2_ws_arooba/install/my_turtle_package/lib/python3.10/site-packages/my_turtle_package
[1.123s] copying /home/arooba/ros2_ws_arooba/build/my_turtle_package/build/lib/my_turtle_package/__init__.py -> /home/arooba/ros2_ws_arooba/install/my_turtle_package/lib/python3.10/site-packages/my_turtle_package
[1.124s] byte-compiling /home/arooba/ros2_ws_arooba/install/my_turtle_package/lib/python3.10/site-packages/my_turtle_package/move_turtle.py to move_turtle.cpython-310.pyc
[1.124s] byte-compiling /home/arooba/ros2_ws_arooba/install/my_turtle_package/lib/python3.10/site-packages/my_turtle_package/__init__.py to __init__.cpython-310.pyc
[1.124s] Sorry: IndentationError: expected an indented block after function definition on line 19 (move_turtle.py, line 20)
[1.125s] running install_data
[1.125s] creating /home/arooba/ros2_ws_arooba/install/my_turtle_package/share/ament_index
[1.125s] creating /home/arooba/ros2_ws_arooba/install/my_turtle_package/share/ament_index/resource_index
[1.125s] creating /home/arooba/ros2_ws_arooba/install/my_turtle_package/share/ament_index/resource_index/packages
[1.125s] copying resource/my_turtle_package -> /home/arooba/ros2_ws_arooba/install/my_turtle_package/share/ament_index/resource_index/packages
[1.125s] copying package.xml -> /home/arooba/ros2_ws_arooba/install/my_turtle_package/share/my_turtle_package
[1.125s] running install_egg_info
[1.128s] Copying ../../build/my_turtle_package/my_turtle_package.egg-info to /home/arooba/ros2_ws_arooba/install/my_turtle_package/lib/python3.10/site-packages/my_turtle_package-0.0.0-py3.10.egg-info
[1.129s] running install_scripts
[1.154s] Installing move_turtle script to /home/arooba/ros2_ws_arooba/install/my_turtle_package/lib/my_turtle_package
[1.155s] writing list of installed files to '/home/arooba/ros2_ws_arooba/build/my_turtle_package/install.log'
[1.189s] Invoked command in '/home/arooba/ros2_ws_arooba/src/my_turtle_package' returned '0': PYTHONPATH=/home/arooba/ros2_ws_arooba/build/my_turtle_package/prefix_override:/usr/lib/python3/dist-packages/colcon_core/task/python/colcon_distutils_commands:/home/arooba/ros2_ws_arooba/install/my_turtle_package/lib/python3.10/site-packages:${PYTHONPATH} /usr/bin/python3 -W ignore:setup.py install is deprecated -W ignore:easy_install command is deprecated setup.py egg_info --egg-base ../../build/my_turtle_package build --build-base /home/arooba/ros2_ws_arooba/build/my_turtle_package/build install --record /home/arooba/ros2_ws_arooba/build/my_turtle_package/install.log --single-version-externally-managed install_data
