[0.521s] Invoking command in '/home/arooba/ros2_ws_arooba/src/my_turtle_package': PYTHONPATH=/home/arooba/ros2_ws_arooba/build/my_turtle_package/prefix_override:/usr/lib/python3/dist-packages/colcon_core/task/python/colcon_distutils_commands:/home/arooba/ros2_ws_arooba/install/my_turtle_package/lib/python3.10/site-packages:${PYTHONPATH} /usr/bin/python3 -W ignore:setup.py install is deprecated -W ignore:easy_install command is deprecated setup.py egg_info --egg-base ../../build/my_turtle_package build --build-base /home/arooba/ros2_ws_arooba/build/my_turtle_package/build install --record /home/arooba/ros2_ws_arooba/build/my_turtle_package/install.log --single-version-externally-managed install_data
[0.726s] running egg_info
[0.727s] writing ../../build/my_turtle_package/my_turtle_package.egg-info/PKG-INFO
[0.727s] writing dependency_links to ../../build/my_turtle_package/my_turtle_package.egg-info/dependency_links.txt
[0.728s] writing entry points to ../../build/my_turtle_package/my_turtle_package.egg-info/entry_points.txt
[0.728s] writing requirements to ../../build/my_turtle_package/my_turtle_package.egg-info/requires.txt
[0.728s] writing top-level names to ../../build/my_turtle_package/my_turtle_package.egg-info/top_level.txt
[0.730s] reading manifest file '../../build/my_turtle_package/my_turtle_package.egg-info/SOURCES.txt'
[0.731s] writing manifest file '../../build/my_turtle_package/my_turtle_package.egg-info/SOURCES.txt'
[0.731s] running build
[0.732s] running build_py
[0.732s] copying my_turtle_package/move_turtle.py -> /home/arooba/ros2_ws_arooba/build/my_turtle_package/build/lib/my_turtle_package
[0.732s] running install
[0.732s] running install_lib
[0.733s] copying /home/arooba/ros2_ws_arooba/build/my_turtle_package/build/lib/my_turtle_package/move_turtle.py -> /home/arooba/ros2_ws_arooba/install/my_turtle_package/lib/python3.10/site-packages/my_turtle_package
[0.734s] byte-compiling /home/arooba/ros2_ws_arooba/install/my_turtle_package/lib/python3.10/site-packages/my_turtle_package/move_turtle.py to move_turtle.cpython-310.pyc
[0.735s] running install_data
[0.735s] running install_egg_info
[0.737s] removing '/home/arooba/ros2_ws_arooba/install/my_turtle_package/lib/python3.10/site-packages/my_turtle_package-0.0.0-py3.10.egg-info' (and everything under it)
[0.737s] Copying ../../build/my_turtle_package/my_turtle_package.egg-info to /home/arooba/ros2_ws_arooba/install/my_turtle_package/lib/python3.10/site-packages/my_turtle_package-0.0.0-py3.10.egg-info
[0.738s] running install_scripts
[0.758s] Installing move_turtle script to /home/arooba/ros2_ws_arooba/install/my_turtle_package/lib/my_turtle_package
[0.758s] writing list of installed files to '/home/arooba/ros2_ws_arooba/build/my_turtle_package/install.log'
[0.783s] Invoked command in '/home/arooba/ros2_ws_arooba/src/my_turtle_package' returned '0': PYTHONPATH=/home/arooba/ros2_ws_arooba/build/my_turtle_package/prefix_override:/usr/lib/python3/dist-packages/colcon_core/task/python/colcon_distutils_commands:/home/arooba/ros2_ws_arooba/install/my_turtle_package/lib/python3.10/site-packages:${PYTHONPATH} /usr/bin/python3 -W ignore:setup.py install is deprecated -W ignore:easy_install command is deprecated setup.py egg_info --egg-base ../../build/my_turtle_package build --build-base /home/arooba/ros2_ws_arooba/build/my_turtle_package/build install --record /home/arooba/ros2_ws_arooba/build/my_turtle_package/install.log --single-version-externally-managed install_data
